// Jest Snapshot v1, https://goo.gl/fbAQLP

exports[`The Task Form component should render properly 1`] = `
<section
  className="taskForm"
>
  <form
    action="/newtweet"
    method="POST"
  >
    <input
      name="title"
      type="text"
    />
    <textarea
      id="textAreaMain"
      name="text"
    />
    <input
      type="submit"
      value="tweet"
    />
  </form>
  <section
    className="datepicker"
  >
    <div
      className="day"
    >
      <p>
        1
      </p>
    </div>
    <div
      className="day"
    >
      <p>
        2
      </p>
    </div>
    <div
      className="day"
    >
      <p>
        3
      </p>
    </div>
    <div
      className="day"
    >
      <p>
        4
      </p>
    </div>
    <div
      className="day"
    >
      <p>
        5
      </p>
    </div>
    <div
      className="day"
    >
      <p>
        6
      </p>
    </div>
    <div
      className="day"
    >
      <p>
        7
      </p>
    </div>
    <div
      className="day"
    >
      <p>
        8
      </p>
    </div>
    <div
      className="day"
    >
      <p>
        9
      </p>
    </div>
    <div
      className="day"
    >
      <p>
        10
      </p>
    </div>
    <div
      className="day"
    >
      <p>
        11
      </p>
    </div>
    <div
      className="day"
    >
      <p>
        12
      </p>
    </div>
    <div
      className="day"
    >
      <p>
        13
      </p>
    </div>
    <div
      className="day"
    >
      <p>
        14
      </p>
    </div>
    <div
      className="day"
    >
      <p>
        15
      </p>
    </div>
    <div
      className="day"
    >
      <p>
        16
      </p>
    </div>
    <div
      className="day"
    >
      <p>
        17
      </p>
    </div>
    <div
      className="day"
    >
      <p>
        18
      </p>
    </div>
    <div
      className="day"
    >
      <p>
        19
      </p>
    </div>
    <div
      className="day"
    >
      <p>
        20
      </p>
    </div>
    <div
      className="day"
    >
      <p>
        21
      </p>
    </div>
    <div
      className="day"
    >
      <p>
        22
      </p>
    </div>
    <div
      className="day"
    >
      <p>
        23
      </p>
    </div>
    <div
      className="day"
    >
      <p>
        24
      </p>
    </div>
    <div
      className="day"
    >
      <p>
        25
      </p>
    </div>
    <div
      className="day"
    >
      <p>
        26
      </p>
    </div>
    <div
      className="day"
    >
      <p>
        27
      </p>
    </div>
    <div
      className="day"
    >
      <p>
        28
      </p>
    </div>
    <div
      className="day"
    >
      <p>
        29
      </p>
    </div>
    <div
      className="day"
    >
      <p>
        30
      </p>
    </div>
    <div
      className="day"
    >
      <p>
        31
      </p>
    </div>
  </section>
</section>
`;
